// Jest Snapshot v1, https://goo.gl/fbAQLP

exports[`MyComponent should render correctly in "debug" mode 1`] = `
<div
  className="container d-flex flex-column justify-content-center"
>
  <Connect(MainQuote) />
  <button
    className="btn btn-light m-3"
    onClick={[Function]}
  >
    Fetch new Quote 2
  </button>
</div>
`;
